2026-08-25 08:06:51,284 - aqt.main - INFO - installer 8520 aqtinstall(aqt) v3.3.0 on Python 3.14.7 [CPython MSC v.1944 64 bit (AMD64)]
2026-08-25 08:06:53,124 - aqt.helper - DEBUG - helper 6096 Attempt to download checksum at https://download.qt.io/online/qtsdkrepository/windows_x86/desktop/qt6_6112/qt6_6112/Updates.xml.sha256
2026-08-25 08:06:54,085 - aqt.helper - DEBUG - helper 6096 Attempt to download checksum at https://download.qt.io/online/qtsdkrepository/windows_x86/desktop/qt6_6112/qt6_6112/Updates.xml.sha256
2026-08-25 08:06:54,920 - aqt.helper - DEBUG - helper 6096 Attempt to download checksum at https://download.qt.io/online/qtsdkrepository/windows_x86/desktop/qt6_6112/qt6_6112/Updates.xml.sha256
2026-08-25 08:06:55,727 - aqt.helper - DEBUG - helper 6096 Attempt to download checksum at https://download.qt.io/online/qtsdkrepository/windows_x86/desktop/qt6_6112/qt6_6112/Updates.xml.sha256
2026-08-25 08:06:56,863 - aqt.helper - DEBUG - helper 6096 Attempt to download checksum at https://download.qt.io/online/qtsdkrepository/windows_x86/desktop/qt6_6112/qt6_6112/Updates.xml.sha256
2026-08-25 08:06:57,742 - aqt.main - ERROR - installer 6096 Failed to download checksum for the file 'Updates.xml' from mirrors '['https://download.qt.io']
==============================Suggested follow-up:==============================
* Check your internet connection
* Consider modifying `requests.max_retries_to_retrieve_hash` in settings.ini
* Consider modifying `mirrors.trusted_mirrors` in settings.ini (see https://aqtinstall.readthedocs.io/en/stable/configuration.html#configuration)
* Please use 'aqt list-qt windows desktop' to show versions of Qt available.
2026-08-25 08:07:23,124 - aqt.helper - DEBUG - helper 2008 Attempt to download checksum at https://download.qt.io/online/qtsdkrepository/windows_x86/desktop/qt6_6112/qt6_6112/Updates.xml.sha256
2026-08-25 08:07:24,157 - aqt.helper - DEBUG - helper 2008 Attempt to download checksum at https://download.qt.io/online/qtsdkrepository/windows_x86/desktop/qt6_6112/qt6_6112/Updates.xml.sha256
2026-08-25 08:07:25,169 - aqt.helper - DEBUG - helper 2008 Attempt to download checksum at https://download.qt.io/online/qtsdkrepository/windows_x86/desktop/qt6_6112/qt6_6112/Updates.xml.sha256
2026-08-25 08:07:26,152 - aqt.helper - DEBUG - helper 2008 Attempt to download checksum at https://download.qt.io/online/qtsdkrepository/windows_x86/desktop/qt6_6112/qt6_6112/Updates.xml.sha256
2026-08-25 08:07:27,192 - aqt.helper - DEBUG - helper 2008 Attempt to download checksum at https://download.qt.io/online/qtsdkrepository/windows_x86/desktop/qt6_6112/qt6_6112/Updates.xml.sha256
2026-08-25 08:07:28,033 - aqt.main - ERROR - installer 2008 Failed to download checksum for the file 'Updates.xml' from mirrors '['https://download.qt.io']
==============================Suggested follow-up:==============================
* Check your internet connection
* Consider modifying `requests.max_retries_to_retrieve_hash` in settings.ini
* Consider modifying `mirrors.trusted_mirrors` in settings.ini (see https://aqtinstall.readthedocs.io/en/stable/configuration.html#configuration)
* Please use 'aqt list-qt windows desktop' to show versions of Qt available.
2026-08-25 08:07:28,546 - aqt.helper - DEBUG - helper 1684 Attempt to download checksum at https://download.qt.io/online/qtsdkrepository/mac_x64/desktop/qt6_6112/qt6_6112/Updates.xml.sha256
2026-08-25 08:09:07,979 - aqt.main - INFO - installer 12236 aqtinstall(aqt) v3.3.0 on Python 3.14.7 [CPython MSC v.1944 64 bit (AMD64)]
2026-08-25 08:09:07,979 - aqt.helper - DEBUG - helper 12236 Attempt to download checksum at https://download.qt.io/online/qtsdkrepository/windows_x86/desktop/qt6_6112/qt6_6112/Updates.xml.sha256
2026-08-25 08:09:08,959 - aqt.helper - DEBUG - helper 12236 Attempt to download checksum at https://download.qt.io/online/qtsdkrepository/windows_x86/desktop/qt6_6112/qt6_6112/Updates.xml.sha256
2026-08-25 08:09:09,774 - aqt.helper - DEBUG - helper 12236 Attempt to download checksum at https://download.qt.io/online/qtsdkrepository/windows_x86/desktop/qt6_6112/qt6_6112/Updates.xml.sha256
2026-08-25 08:09:10,832 - aqt.helper - DEBUG - helper 12236 Attempt to download checksum at https://download.qt.io/online/qtsdkrepository/windows_x86/desktop/qt6_6112/qt6_6112/Updates.xml.sha256
2026-08-25 08:09:11,786 - aqt.helper - DEBUG - helper 12236 Attempt to download checksum at https://download.qt.io/online/qtsdkrepository/windows_x86/desktop/qt6_6112/qt6_6112/Updates.xml.sha256
2026-08-25 08:09:12,822 - aqt.archives - WARNING - archives 12236 Failed to download checksum for the file 'online/qtsdkrepository/windows_x86/desktop/qt6_6112/qt6_6112/Updates.xml'. This may happen on unofficial mirrors.
2026-08-25 08:09:13,799 - aqt.main - ERROR - installer 12236 Failed to locate XML data for Qt version '6.11.2'.
==============================Suggested follow-up:==============================
* Please use 'aqt list-qt windows desktop' to show versions available.
